// Jest Snapshot v1, https://goo.gl/fbAQLP

exports[`<InsurancesList /> renders properly 1`] = `
ShallowWrapper {
  "length": 1,
  Symbol(enzyme.__root__): [Circular],
  Symbol(enzyme.__unrendered__): <InsurancesList />,
  Symbol(enzyme.__renderer__): Object {
    "batchedUpdates": [Function],
    "getNode": [Function],
    "render": [Function],
    "simulateEvent": [Function],
    "unmount": [Function],
  },
  Symbol(enzyme.__node__): Object {
    "instance": null,
    "key": undefined,
    "nodeType": "function",
    "props": Object {
      "children": <ListViewMock
        dataSource={
          ListViewDataSource {
            "items": 12,
          }
        }
        renderRow={[Function]}
        renderScrollComponent={[Function]}
      />,
      "containerStyle": Object {
        "backgroundColor": "rgba(0,0,0,0)",
        "marginTop": 0,
      },
    },
    "ref": null,
    "rendered": Object {
      "instance": null,
      "key": undefined,
      "nodeType": "class",
      "props": Object {
        "dataSource": ListViewDataSource {
          "items": 12,
        },
        "renderRow": [Function],
        "renderScrollComponent": [Function],
      },
      "ref": null,
      "rendered": null,
      "type": [Function],
    },
    "type": [Function],
  },
  Symbol(enzyme.__nodes__): Array [
    Object {
      "instance": null,
      "key": undefined,
      "nodeType": "function",
      "props": Object {
        "children": <ListViewMock
          dataSource={
            ListViewDataSource {
              "items": 12,
            }
          }
          renderRow={[Function]}
          renderScrollComponent={[Function]}
        />,
        "containerStyle": Object {
          "backgroundColor": "rgba(0,0,0,0)",
          "marginTop": 0,
        },
      },
      "ref": null,
      "rendered": Object {
        "instance": null,
        "key": undefined,
        "nodeType": "class",
        "props": Object {
          "dataSource": ListViewDataSource {
            "items": 12,
          },
          "renderRow": [Function],
          "renderScrollComponent": [Function],
        },
        "ref": null,
        "rendered": null,
        "type": [Function],
      },
      "type": [Function],
    },
  ],
  Symbol(enzyme.__options__): Object {
    "adapter": ReactSixteenAdapter {
      "options": Object {
        "enableComponentDidUpdateOnSetState": true,
      },
    },
  },
}
`;
