// Jest Snapshot v1, https://goo.gl/fbAQLP

exports[`<AddInsuranceForm /> renders properly 1`] = `
ShallowWrapper {
  "length": 1,
  Symbol(enzyme.__root__): [Circular],
  Symbol(enzyme.__unrendered__): <AddInsuranceForm />,
  Symbol(enzyme.__renderer__): Object {
    "batchedUpdates": [Function],
    "getNode": [Function],
    "render": [Function],
    "simulateEvent": [Function],
    "unmount": [Function],
  },
  Symbol(enzyme.__node__): Object {
    "instance": null,
    "key": undefined,
    "nodeType": "class",
    "props": Object {
      "children": Array [
        <View>
          <FormLabel
            labelStyle={
              Object {
                "color": "#EE712B",
                "fontSize": 18,
              }
            }
          >
            Title:
          </FormLabel>
          <FormInput
            containerStyle={
              Object {
                "backgroundColor": "#FBF7F7",
                "borderColor": "#95989A",
                "borderWidth": 0.5,
              }
            }
            inputStyle={
              Object {
                "color": "black",
                "fontSize": 16,
              }
            }
            keyboardType="default"
            label="title"
            normalizeFontSize={true}
            onChangeText={[Function]}
            underlineColorAndroid="transparent"
            value=""
          />
          <FormLabel
            labelStyle={
              Object {
                "color": "#EE712B",
                "fontSize": 18,
              }
            }
          >
            Premium (yearly):
          </FormLabel>
          <FormInput
            containerStyle={
              Object {
                "backgroundColor": "#FBF7F7",
                "borderColor": "#95989A",
                "borderWidth": 0.5,
              }
            }
            inputStyle={
              Object {
                "color": "black",
                "fontSize": 16,
              }
            }
            keyboardType="numeric"
            label="premium"
            normalizeFontSize={true}
            onChangeText={[Function]}
            underlineColorAndroid="transparent"
            value=""
          />
          <FormLabel
            labelStyle={
              Object {
                "color": "#EE712B",
                "fontSize": 18,
              }
            }
          >
            Category:
          </FormLabel>
          <Picker
            mode="dropdown"
            onValueChange={[Function]}
            pickerItemStyle={
              Object {
                "color": "black",
                "fontSize": 16,
              }
            }
            selectedValue="healthinsurance"
            style={
              Object {
                "backgroundColor": "#FBF7F7",
                "borderColor": "#95989A",
                "borderWidth": 0.5,
                "marginLeft": 15,
                "marginRight": 15,
              }
            }
          >
            &gt;
            <PickerItem
              label="Health Insurance"
              value="healthinsurance"
            />
            <PickerItem
              label="Car Insurance"
              value="carinsurance"
            />
            <PickerItem
              label="House Insurance"
              value="houseinsurance"
            />
          </Picker>
        </View>,
        <View>
          <Button
            buttonStyle={
              Object {
                "backgroundColor": "#DC4712",
                "height": 60,
              }
            }
            textStyle={
              Object {
                "fontSize": 18,
              }
            }
            title="Done"
          />
        </View>,
      ],
      "style": Object {
        "flex": 1,
        "flexDirection": "column",
        "justifyContent": "space-between",
        "marginBottom": 20,
      },
    },
    "ref": null,
    "rendered": Array [
      Object {
        "instance": null,
        "key": undefined,
        "nodeType": "class",
        "props": Object {
          "children": Array [
            <FormLabel
              labelStyle={
                Object {
                  "color": "#EE712B",
                  "fontSize": 18,
                }
              }
            >
              Title:
            </FormLabel>,
            <FormInput
              containerStyle={
                Object {
                  "backgroundColor": "#FBF7F7",
                  "borderColor": "#95989A",
                  "borderWidth": 0.5,
                }
              }
              inputStyle={
                Object {
                  "color": "black",
                  "fontSize": 16,
                }
              }
              keyboardType="default"
              label="title"
              normalizeFontSize={true}
              onChangeText={[Function]}
              underlineColorAndroid="transparent"
              value=""
            />,
            <FormLabel
              labelStyle={
                Object {
                  "color": "#EE712B",
                  "fontSize": 18,
                }
              }
            >
              Premium (yearly):
            </FormLabel>,
            <FormInput
              containerStyle={
                Object {
                  "backgroundColor": "#FBF7F7",
                  "borderColor": "#95989A",
                  "borderWidth": 0.5,
                }
              }
              inputStyle={
                Object {
                  "color": "black",
                  "fontSize": 16,
                }
              }
              keyboardType="numeric"
              label="premium"
              normalizeFontSize={true}
              onChangeText={[Function]}
              underlineColorAndroid="transparent"
              value=""
            />,
            <FormLabel
              labelStyle={
                Object {
                  "color": "#EE712B",
                  "fontSize": 18,
                }
              }
            >
              Category:
            </FormLabel>,
            <Picker
              mode="dropdown"
              onValueChange={[Function]}
              pickerItemStyle={
                Object {
                  "color": "black",
                  "fontSize": 16,
                }
              }
              selectedValue="healthinsurance"
              style={
                Object {
                  "backgroundColor": "#FBF7F7",
                  "borderColor": "#95989A",
                  "borderWidth": 0.5,
                  "marginLeft": 15,
                  "marginRight": 15,
                }
              }
            >
              &gt;
              <PickerItem
                label="Health Insurance"
                value="healthinsurance"
              />
              <PickerItem
                label="Car Insurance"
                value="carinsurance"
              />
              <PickerItem
                label="House Insurance"
                value="houseinsurance"
              />
            </Picker>,
          ],
        },
        "ref": null,
        "rendered": Array [
          Object {
            "instance": null,
            "key": undefined,
            "nodeType": "function",
            "props": Object {
              "children": "Title:",
              "labelStyle": Object {
                "color": "#EE712B",
                "fontSize": 18,
              },
            },
            "ref": null,
            "rendered": "Title:",
            "type": [Function],
          },
          Object {
            "instance": null,
            "key": undefined,
            "nodeType": "class",
            "props": Object {
              "containerStyle": Object {
                "backgroundColor": "#FBF7F7",
                "borderColor": "#95989A",
                "borderWidth": 0.5,
              },
              "inputStyle": Object {
                "color": "black",
                "fontSize": 16,
              },
              "keyboardType": "default",
              "label": "title",
              "normalizeFontSize": true,
              "onChangeText": [Function],
              "underlineColorAndroid": "transparent",
              "value": "",
            },
            "ref": null,
            "rendered": null,
            "type": [Function],
          },
          Object {
            "instance": null,
            "key": undefined,
            "nodeType": "function",
            "props": Object {
              "children": "Premium (yearly):",
              "labelStyle": Object {
                "color": "#EE712B",
                "fontSize": 18,
              },
            },
            "ref": null,
            "rendered": "Premium (yearly):",
            "type": [Function],
          },
          Object {
            "instance": null,
            "key": undefined,
            "nodeType": "class",
            "props": Object {
              "containerStyle": Object {
                "backgroundColor": "#FBF7F7",
                "borderColor": "#95989A",
                "borderWidth": 0.5,
              },
              "inputStyle": Object {
                "color": "black",
                "fontSize": 16,
              },
              "keyboardType": "numeric",
              "label": "premium",
              "normalizeFontSize": true,
              "onChangeText": [Function],
              "underlineColorAndroid": "transparent",
              "value": "",
            },
            "ref": null,
            "rendered": null,
            "type": [Function],
          },
          Object {
            "instance": null,
            "key": undefined,
            "nodeType": "function",
            "props": Object {
              "children": "Category:",
              "labelStyle": Object {
                "color": "#EE712B",
                "fontSize": 18,
              },
            },
            "ref": null,
            "rendered": "Category:",
            "type": [Function],
          },
          Object {
            "instance": null,
            "key": undefined,
            "nodeType": "class",
            "props": Object {
              "children": Array [
                ">",
                <PickerItem
                  label="Health Insurance"
                  value="healthinsurance"
                />,
                <PickerItem
                  label="Car Insurance"
                  value="carinsurance"
                />,
                <PickerItem
                  label="House Insurance"
                  value="houseinsurance"
                />,
              ],
              "mode": "dropdown",
              "onValueChange": [Function],
              "pickerItemStyle": Object {
                "color": "black",
                "fontSize": 16,
              },
              "selectedValue": "healthinsurance",
              "style": Object {
                "backgroundColor": "#FBF7F7",
                "borderColor": "#95989A",
                "borderWidth": 0.5,
                "marginLeft": 15,
                "marginRight": 15,
              },
            },
            "ref": null,
            "rendered": Array [
              ">",
              Object {
                "instance": null,
                "key": "1",
                "nodeType": "class",
                "props": Object {
                  "label": "Health Insurance",
                  "value": "healthinsurance",
                },
                "ref": null,
                "rendered": null,
                "type": [Function],
              },
              Object {
                "instance": null,
                "key": "2",
                "nodeType": "class",
                "props": Object {
                  "label": "Car Insurance",
                  "value": "carinsurance",
                },
                "ref": null,
                "rendered": null,
                "type": [Function],
              },
              Object {
                "instance": null,
                "key": "3",
                "nodeType": "class",
                "props": Object {
                  "label": "House Insurance",
                  "value": "houseinsurance",
                },
                "ref": null,
                "rendered": null,
                "type": [Function],
              },
            ],
            "type": [Function],
          },
        ],
        "type": [Function],
      },
      Object {
        "instance": null,
        "key": undefined,
        "nodeType": "class",
        "props": Object {
          "children": <Button
            buttonStyle={
              Object {
                "backgroundColor": "#DC4712",
                "height": 60,
              }
            }
            textStyle={
              Object {
                "fontSize": 18,
              }
            }
            title="Done"
          />,
        },
        "ref": null,
        "rendered": Object {
          "instance": null,
          "key": undefined,
          "nodeType": "function",
          "props": Object {
            "buttonStyle": Object {
              "backgroundColor": "#DC4712",
              "height": 60,
            },
            "textStyle": Object {
              "fontSize": 18,
            },
            "title": "Done",
          },
          "ref": null,
          "rendered": null,
          "type": [Function],
        },
        "type": [Function],
      },
    ],
    "type": [Function],
  },
  Symbol(enzyme.__nodes__): Array [
    Object {
      "instance": null,
      "key": undefined,
      "nodeType": "class",
      "props": Object {
        "children": Array [
          <View>
            <FormLabel
              labelStyle={
                Object {
                  "color": "#EE712B",
                  "fontSize": 18,
                }
              }
            >
              Title:
            </FormLabel>
            <FormInput
              containerStyle={
                Object {
                  "backgroundColor": "#FBF7F7",
                  "borderColor": "#95989A",
                  "borderWidth": 0.5,
                }
              }
              inputStyle={
                Object {
                  "color": "black",
                  "fontSize": 16,
                }
              }
              keyboardType="default"
              label="title"
              normalizeFontSize={true}
              onChangeText={[Function]}
              underlineColorAndroid="transparent"
              value=""
            />
            <FormLabel
              labelStyle={
                Object {
                  "color": "#EE712B",
                  "fontSize": 18,
                }
              }
            >
              Premium (yearly):
            </FormLabel>
            <FormInput
              containerStyle={
                Object {
                  "backgroundColor": "#FBF7F7",
                  "borderColor": "#95989A",
                  "borderWidth": 0.5,
                }
              }
              inputStyle={
                Object {
                  "color": "black",
                  "fontSize": 16,
                }
              }
              keyboardType="numeric"
              label="premium"
              normalizeFontSize={true}
              onChangeText={[Function]}
              underlineColorAndroid="transparent"
              value=""
            />
            <FormLabel
              labelStyle={
                Object {
                  "color": "#EE712B",
                  "fontSize": 18,
                }
              }
            >
              Category:
            </FormLabel>
            <Picker
              mode="dropdown"
              onValueChange={[Function]}
              pickerItemStyle={
                Object {
                  "color": "black",
                  "fontSize": 16,
                }
              }
              selectedValue="healthinsurance"
              style={
                Object {
                  "backgroundColor": "#FBF7F7",
                  "borderColor": "#95989A",
                  "borderWidth": 0.5,
                  "marginLeft": 15,
                  "marginRight": 15,
                }
              }
            >
              &gt;
              <PickerItem
                label="Health Insurance"
                value="healthinsurance"
              />
              <PickerItem
                label="Car Insurance"
                value="carinsurance"
              />
              <PickerItem
                label="House Insurance"
                value="houseinsurance"
              />
            </Picker>
          </View>,
          <View>
            <Button
              buttonStyle={
                Object {
                  "backgroundColor": "#DC4712",
                  "height": 60,
                }
              }
              textStyle={
                Object {
                  "fontSize": 18,
                }
              }
              title="Done"
            />
          </View>,
        ],
        "style": Object {
          "flex": 1,
          "flexDirection": "column",
          "justifyContent": "space-between",
          "marginBottom": 20,
        },
      },
      "ref": null,
      "rendered": Array [
        Object {
          "instance": null,
          "key": undefined,
          "nodeType": "class",
          "props": Object {
            "children": Array [
              <FormLabel
                labelStyle={
                  Object {
                    "color": "#EE712B",
                    "fontSize": 18,
                  }
                }
              >
                Title:
              </FormLabel>,
              <FormInput
                containerStyle={
                  Object {
                    "backgroundColor": "#FBF7F7",
                    "borderColor": "#95989A",
                    "borderWidth": 0.5,
                  }
                }
                inputStyle={
                  Object {
                    "color": "black",
                    "fontSize": 16,
                  }
                }
                keyboardType="default"
                label="title"
                normalizeFontSize={true}
                onChangeText={[Function]}
                underlineColorAndroid="transparent"
                value=""
              />,
              <FormLabel
                labelStyle={
                  Object {
                    "color": "#EE712B",
                    "fontSize": 18,
                  }
                }
              >
                Premium (yearly):
              </FormLabel>,
              <FormInput
                containerStyle={
                  Object {
                    "backgroundColor": "#FBF7F7",
                    "borderColor": "#95989A",
                    "borderWidth": 0.5,
                  }
                }
                inputStyle={
                  Object {
                    "color": "black",
                    "fontSize": 16,
                  }
                }
                keyboardType="numeric"
                label="premium"
                normalizeFontSize={true}
                onChangeText={[Function]}
                underlineColorAndroid="transparent"
                value=""
              />,
              <FormLabel
                labelStyle={
                  Object {
                    "color": "#EE712B",
                    "fontSize": 18,
                  }
                }
              >
                Category:
              </FormLabel>,
              <Picker
                mode="dropdown"
                onValueChange={[Function]}
                pickerItemStyle={
                  Object {
                    "color": "black",
                    "fontSize": 16,
                  }
                }
                selectedValue="healthinsurance"
                style={
                  Object {
                    "backgroundColor": "#FBF7F7",
                    "borderColor": "#95989A",
                    "borderWidth": 0.5,
                    "marginLeft": 15,
                    "marginRight": 15,
                  }
                }
              >
                &gt;
                <PickerItem
                  label="Health Insurance"
                  value="healthinsurance"
                />
                <PickerItem
                  label="Car Insurance"
                  value="carinsurance"
                />
                <PickerItem
                  label="House Insurance"
                  value="houseinsurance"
                />
              </Picker>,
            ],
          },
          "ref": null,
          "rendered": Array [
            Object {
              "instance": null,
              "key": undefined,
              "nodeType": "function",
              "props": Object {
                "children": "Title:",
                "labelStyle": Object {
                  "color": "#EE712B",
                  "fontSize": 18,
                },
              },
              "ref": null,
              "rendered": "Title:",
              "type": [Function],
            },
            Object {
              "instance": null,
              "key": undefined,
              "nodeType": "class",
              "props": Object {
                "containerStyle": Object {
                  "backgroundColor": "#FBF7F7",
                  "borderColor": "#95989A",
                  "borderWidth": 0.5,
                },
                "inputStyle": Object {
                  "color": "black",
                  "fontSize": 16,
                },
                "keyboardType": "default",
                "label": "title",
                "normalizeFontSize": true,
                "onChangeText": [Function],
                "underlineColorAndroid": "transparent",
                "value": "",
              },
              "ref": null,
              "rendered": null,
              "type": [Function],
            },
            Object {
              "instance": null,
              "key": undefined,
              "nodeType": "function",
              "props": Object {
                "children": "Premium (yearly):",
                "labelStyle": Object {
                  "color": "#EE712B",
                  "fontSize": 18,
                },
              },
              "ref": null,
              "rendered": "Premium (yearly):",
              "type": [Function],
            },
            Object {
              "instance": null,
              "key": undefined,
              "nodeType": "class",
              "props": Object {
                "containerStyle": Object {
                  "backgroundColor": "#FBF7F7",
                  "borderColor": "#95989A",
                  "borderWidth": 0.5,
                },
                "inputStyle": Object {
                  "color": "black",
                  "fontSize": 16,
                },
                "keyboardType": "numeric",
                "label": "premium",
                "normalizeFontSize": true,
                "onChangeText": [Function],
                "underlineColorAndroid": "transparent",
                "value": "",
              },
              "ref": null,
              "rendered": null,
              "type": [Function],
            },
            Object {
              "instance": null,
              "key": undefined,
              "nodeType": "function",
              "props": Object {
                "children": "Category:",
                "labelStyle": Object {
                  "color": "#EE712B",
                  "fontSize": 18,
                },
              },
              "ref": null,
              "rendered": "Category:",
              "type": [Function],
            },
            Object {
              "instance": null,
              "key": undefined,
              "nodeType": "class",
              "props": Object {
                "children": Array [
                  ">",
                  <PickerItem
                    label="Health Insurance"
                    value="healthinsurance"
                  />,
                  <PickerItem
                    label="Car Insurance"
                    value="carinsurance"
                  />,
                  <PickerItem
                    label="House Insurance"
                    value="houseinsurance"
                  />,
                ],
                "mode": "dropdown",
                "onValueChange": [Function],
                "pickerItemStyle": Object {
                  "color": "black",
                  "fontSize": 16,
                },
                "selectedValue": "healthinsurance",
                "style": Object {
                  "backgroundColor": "#FBF7F7",
                  "borderColor": "#95989A",
                  "borderWidth": 0.5,
                  "marginLeft": 15,
                  "marginRight": 15,
                },
              },
              "ref": null,
              "rendered": Array [
                ">",
                Object {
                  "instance": null,
                  "key": "1",
                  "nodeType": "class",
                  "props": Object {
                    "label": "Health Insurance",
                    "value": "healthinsurance",
                  },
                  "ref": null,
                  "rendered": null,
                  "type": [Function],
                },
                Object {
                  "instance": null,
                  "key": "2",
                  "nodeType": "class",
                  "props": Object {
                    "label": "Car Insurance",
                    "value": "carinsurance",
                  },
                  "ref": null,
                  "rendered": null,
                  "type": [Function],
                },
                Object {
                  "instance": null,
                  "key": "3",
                  "nodeType": "class",
                  "props": Object {
                    "label": "House Insurance",
                    "value": "houseinsurance",
                  },
                  "ref": null,
                  "rendered": null,
                  "type": [Function],
                },
              ],
              "type": [Function],
            },
          ],
          "type": [Function],
        },
        Object {
          "instance": null,
          "key": undefined,
          "nodeType": "class",
          "props": Object {
            "children": <Button
              buttonStyle={
                Object {
                  "backgroundColor": "#DC4712",
                  "height": 60,
                }
              }
              textStyle={
                Object {
                  "fontSize": 18,
                }
              }
              title="Done"
            />,
          },
          "ref": null,
          "rendered": Object {
            "instance": null,
            "key": undefined,
            "nodeType": "function",
            "props": Object {
              "buttonStyle": Object {
                "backgroundColor": "#DC4712",
                "height": 60,
              },
              "textStyle": Object {
                "fontSize": 18,
              },
              "title": "Done",
            },
            "ref": null,
            "rendered": null,
            "type": [Function],
          },
          "type": [Function],
        },
      ],
      "type": [Function],
    },
  ],
  Symbol(enzyme.__options__): Object {
    "adapter": ReactSixteenAdapter {
      "options": Object {
        "enableComponentDidUpdateOnSetState": true,
      },
    },
  },
}
`;
